// Jest Snapshot v1, https://goo.gl/fbAQLP

exports[`Tests of like render like 1`] = `"<div class=\\"like-btn\\"><img src=\\"./assets/like.png\\" alt=\\"like empty button\\"><span class=\\"likeCount\\"></span></div>"`;
