// Jest Snapshot v1, https://goo.gl/fbAQLP

exports[`Tests  to check if the error message shows e-mail already in use 1`] = `"This e-mail address has already been registered."`;

exports[`Tests  to check if the error message shows invalid e-mail 1`] = `"Invalid e-mail address, please try another one."`;

exports[`Tests  to check if the error message shows weak password 1`] = `"Your password must be at least 6 characters long."`;

exports[`Tests for matched passwords passwords do not match, shows error message 1`] = `"Passwords do not match"`;

exports[`Tests for matched passwords passwords match, does not show any error message 1`] = `""`;
